main.c:85:5:main	1576	static
main.c:286:6:SystemClock_Config	72	static
main.c:321:13:MX_SPI1_Init	8	static
main.c:359:13:MX_SPI2_Init	8	static
main.c:397:13:MX_GPIO_Init	40	static
main.c:435:6:EPD_W21_Init	8	static
main.c:444:6:EPD_init	16	static
main.c:473:6:EPD_refresh	8	static
main.c:480:6:EPD_sleep	8	static
main.c:506:6:PIC_display	24	static
main.c:561:6:PIC_display_Clean	16	static
main.c:577:6:PIC_display_Clean_Big	16	static
main.c:591:6:lcd_chkstatus	16	static
main.c:611:6:Error_Handler	4	static
